Date,Merchant,Category,Account,Original Statement,Notes,Amount,Tags