Date,Merchant,Category,Account,Original Statement,Notes,Amount,Tags
2024-01-15,Whole Foods Market,Groceries,,Whole Foods Market,,-125.50,"organic,weekly"
2024-01-14,Shell Gas Station,Gas,,Shell Gas Station,,-45.00,"business,trip"
2024-01-13,Starbucks,Entertainment & Recreation,,Starbucks,,-5.75,"coffee,daily"
2024-01-12,Payscale Inc,Paychecks,,Payscale Inc,,2500.00,"salary,direct-deposit"