Date,Merchant,Category,Account,Original Statement,Notes,Amount,Tags
2024-01-15,"McDonald's, Inc.",Entertainment,,"McDonald's, Inc.",,-12.50,
2024-01-14,"Target ""Big Box Store""",General Merchandise,,"Target ""Big Box Store""",,-89.99,
2024-01-13,"Café Délicieux & Co",Entertainment,,"Café Délicieux & Co",,-25.00,
2024-01-12,"Transfer: To Savings, Account #1234",Transfer,,"Transfer: To Savings, Account #1234",,500.00,
2024-01-11,ATM/Cash,Cash & ATM,,ATM/Cash,,-40.00,